---
source: tests/cli.rs
assertion_line: 352
expression: stdout
---
format version: 1
compressed:     false
encoded size:   <SIZE> bytes
ops:            2
source length:  29 bytes
source digest:  crc32 578f182e

  # offset      old_len  new_len  kind
    0         14        3        4  splice
    1         29        0       10  insert
